warm round=1 raw down: 9.01 MiB/s
measure round=1 raw down: 47.02 MiB/s
warm round=1 raw up: 9.05 MiB/s
measure round=1 raw up: 57.15 MiB/s
latency round=1 raw: 50 verified requests
warm round=1 v2 down: 4.59 MiB/s
measure round=1 v2 down: 39.13 MiB/s
warm round=1 v2 up: 6.25 MiB/s
measure round=1 v2 up: 44.98 MiB/s
latency round=1 v2: 50 verified requests
warm round=1 current down: 4.3 MiB/s
measure round=1 current down: 47.88 MiB/s
warm round=1 current up: 6.32 MiB/s
measure round=1 current up: 41.91 MiB/s
latency round=1 current: 50 verified requests
warm round=2 raw up: 9.07 MiB/s
measure round=2 raw up: 42.28 MiB/s
warm round=2 raw down: 9.07 MiB/s
measure round=2 raw down: 38.52 MiB/s
latency round=2 raw: 50 verified requests
warm round=2 current up: 4.51 MiB/s
measure round=2 current up: 40.62 MiB/s
warm round=2 current down: 6.33 MiB/s
measure round=2 current down: 48.62 MiB/s
latency round=2 current: 50 verified requests
warm round=2 v2 up: 4.55 MiB/s
measure round=2 v2 up: 37.42 MiB/s
warm round=2 v2 down: 6.26 MiB/s
measure round=2 v2 down: 40.92 MiB/s
latency round=2 v2: 50 verified requests
warm round=3 v2 down: 4.27 MiB/s
measure round=3 v2 down: 39.33 MiB/s
warm round=3 v2 up: 6.08 MiB/s
measure round=3 v2 up: 30.2 MiB/s
latency round=3 v2: 50 verified requests
warm round=3 raw down: 9.42 MiB/s
measure round=3 raw down: 16.51 MiB/s
warm round=3 raw up: 9.1 MiB/s
measure round=3 raw up: 57.06 MiB/s
latency round=3 raw: 50 verified requests
warm round=3 current down: 4.46 MiB/s
measure round=3 current down: 48.85 MiB/s
warm round=3 current up: 6.28 MiB/s
measure round=3 current up: 28.77 MiB/s
latency round=3 current: 50 verified requests
warm round=4 v2 up: 4.48 MiB/s
measure round=4 v2 up: 34.71 MiB/s
warm round=4 v2 down: 6.16 MiB/s
measure round=4 v2 down: 40.98 MiB/s
latency round=4 v2: 50 verified requests
warm round=4 current up: 1.31 MiB/s
measure round=4 current up: 32.51 MiB/s
warm round=4 current down: 6.09 MiB/s
measure round=4 current down: 36.73 MiB/s
latency round=4 current: 50 verified requests
warm round=4 raw up: 9.25 MiB/s
measure round=4 raw up: 54.96 MiB/s
warm round=4 raw down: 9.14 MiB/s
measure round=4 raw down: 34.1 MiB/s
latency round=4 raw: 50 verified requests
warm round=5 current down: 4.65 MiB/s
measure round=5 current down: 33.48 MiB/s
warm round=5 current up: 6.33 MiB/s
measure round=5 current up: 51.22 MiB/s
latency round=5 current: 50 verified requests
warm round=5 raw down: 9.32 MiB/s
measure round=5 raw down: 32.72 MiB/s
warm round=5 raw up: 9.14 MiB/s
measure round=5 raw up: 41.09 MiB/s
latency round=5 raw: 50 verified requests
warm round=5 v2 down: 4.5 MiB/s
measure round=5 v2 down: 38.83 MiB/s
warm round=5 v2 up: 6.24 MiB/s
measure round=5 v2 up: 44.89 MiB/s
latency round=5 v2: 50 verified requests
warm round=6 current up: 4.56 MiB/s
measure round=6 current up: 49.9 MiB/s
warm round=6 current down: 6.24 MiB/s
measure round=6 current down: 47.63 MiB/s
latency round=6 current: 50 verified requests
warm round=6 v2 up: 4.58 MiB/s
measure round=6 v2 up: 34.79 MiB/s
warm round=6 v2 down: 6.17 MiB/s
measure round=6 v2 down: 39.72 MiB/s
latency round=6 v2: 50 verified requests
warm round=6 raw up: 9.09 MiB/s
measure round=6 raw up: 40.84 MiB/s
warm round=6 raw down: 9.38 MiB/s
measure round=6 raw down: 34.9 MiB/s
latency round=6 raw: 50 verified requests
All six permutations completed.
router: temporary processes/files removed; production process inventory unchanged
node-a: temporary processes/files removed; production process inventory unchanged
