warm round=1 raw down: 9.15 MiB/s
measure round=1 raw down: 48.14 MiB/s
warm round=1 raw up: 9.05 MiB/s
measure round=1 raw up: 57.66 MiB/s
latency round=1 raw: 50 verified requests
warm round=1 v2 down: 4.81 MiB/s
measure round=1 v2 down: 41.76 MiB/s
warm round=1 v2 up: 7.18 MiB/s
measure round=1 v2 up: 35.82 MiB/s
latency round=1 v2: 50 verified requests
warm round=1 current down: 4.98 MiB/s
measure round=1 current down: 51.55 MiB/s
warm round=1 current up: 7.39 MiB/s
measure round=1 current up: 49.44 MiB/s
latency round=1 current: 50 verified requests
warm round=2 raw up: 9.07 MiB/s
measure round=2 raw up: 56.64 MiB/s
warm round=2 raw down: 9.42 MiB/s
measure round=2 raw down: 33.91 MiB/s
latency round=2 raw: 50 verified requests
warm round=2 current up: 4.64 MiB/s
measure round=2 current up: 54.81 MiB/s
warm round=2 current down: 7.46 MiB/s
measure round=2 current down: 49.02 MiB/s
latency round=2 current: 50 verified requests
warm round=2 v2 up: 4.37 MiB/s
measure round=2 v2 up: 17.51 MiB/s
warm round=2 v2 down: 7.27 MiB/s
measure round=2 v2 down: 41.06 MiB/s
latency round=2 v2: 50 verified requests
warm round=3 v2 down: 5.18 MiB/s
measure round=3 v2 down: 48.75 MiB/s
warm round=3 v2 up: 1.42 MiB/s
measure round=3 v2 up: 35.56 MiB/s
latency round=3 v2: 50 verified requests
warm round=3 raw down: 9.1 MiB/s
measure round=3 raw down: 34.6 MiB/s
warm round=3 raw up: 8.99 MiB/s
measure round=3 raw up: 54.58 MiB/s
latency round=3 raw: 50 verified requests
warm round=3 current down: 5.09 MiB/s
measure round=3 current down: 49.52 MiB/s
warm round=3 current up: 7.3 MiB/s
measure round=3 current up: 33.75 MiB/s
latency round=3 current: 50 verified requests
warm round=4 v2 up: 1.33 MiB/s
measure round=4 v2 up: 34.96 MiB/s
warm round=4 v2 down: 7.35 MiB/s
measure round=4 v2 down: 47.91 MiB/s
latency round=4 v2: 50 verified requests
warm round=4 current up: 4.85 MiB/s
measure round=4 current up: 35.7 MiB/s
warm round=4 current down: 7.44 MiB/s
measure round=4 current down: 53.05 MiB/s
latency round=4 current: 50 verified requests
warm round=4 raw up: 8.99 MiB/s
measure round=4 raw up: 56.95 MiB/s
warm round=4 raw down: 8.99 MiB/s
measure round=4 raw down: 34.66 MiB/s
latency round=4 raw: 50 verified requests
warm round=5 current down: 5.06 MiB/s
measure round=5 current down: 51.91 MiB/s
warm round=5 current up: 7.41 MiB/s
measure round=5 current up: 36.43 MiB/s
latency round=5 current: 50 verified requests
warm round=5 raw down: 9.08 MiB/s
measure round=5 raw down: 45.65 MiB/s
warm round=5 raw up: 1.6 MiB/s
measure round=5 raw up: 40.05 MiB/s
latency round=5 raw: 50 verified requests
warm round=5 v2 down: 4.88 MiB/s
measure round=5 v2 down: 47.94 MiB/s
warm round=5 v2 up: 7.44 MiB/s
measure round=5 v2 up: 48.27 MiB/s
latency round=5 v2: 50 verified requests
warm round=6 current up: 1.34 MiB/s
measure round=6 current up: 30.05 MiB/s
warm round=6 current down: 7.35 MiB/s
measure round=6 current down: 51.53 MiB/s
latency round=6 current: 50 verified requests
warm round=6 v2 up: 5.1 MiB/s
measure round=6 v2 up: 25.7 MiB/s
warm round=6 v2 down: 7.35 MiB/s
measure round=6 v2 down: 41.17 MiB/s
latency round=6 v2: 50 verified requests
warm round=6 raw up: 9.05 MiB/s
measure round=6 raw up: 56.54 MiB/s
warm round=6 raw down: 9.15 MiB/s
measure round=6 raw down: 42.38 MiB/s
latency round=6 raw: 50 verified requests
All six permutations completed.
router: temporary processes/files removed; production process inventory unchanged
node-a: temporary processes/files removed; production process inventory unchanged
