isolated netem: RTT=50ms loss=0.1% rate=100Mbit/s; origin/control bypass netem
Ip: Forwarding DefaultTTL InReceives InHdrErrors InAddrErrors ForwDatagrams InUnknownProtos InDiscards InDelivers OutRequests OutDiscards OutNoRoutes ReasmTimeout ReasmReqds ReasmOKs ReasmFails FragOKs FragFails FragCreates OutTransmits
Ip: 1 64 0 0 0 0 0 0 0 0 0 0 0 0 0 0 0 0 0 0
Icmp: InMsgs InErrors InCsumErrors InDestUnreachs InTimeExcds InParmProbs InSrcQuenchs InRedirects InEchos InEchoReps InTimestamps InTimestampReps InAddrMasks InAddrMaskReps OutMsgs OutErrors OutRateLimitGlobal OutRateLimitHost OutDestUnreachs OutTimeExcds OutParmProbs OutSrcQuenchs OutRedirects OutEchos OutEchoReps OutTimestamps OutTimestampReps OutAddrMasks OutAddrMaskReps
Icmp: 0 0 0 0 0 0 0 0 0 0 0 0 0 0 0 0 0 0 0 0 0 0 0 0 0 0 0 0 0
Tcp: RtoAlgorithm RtoMin RtoMax MaxConn ActiveOpens PassiveOpens AttemptFails EstabResets CurrEstab InSegs OutSegs RetransSegs InErrs OutRsts InCsumErrors
Tcp: 1 200 120000 -1 0 0 0 0 0 0 0 0 0 0 0
Udp: InDatagrams NoPorts InErrors OutDatagrams RcvbufErrors SndbufErrors InCsumErrors IgnoredMulti MemErrors
Udp: 0 0 0 0 0 0 0 0 0
UdpLite: InDatagrams NoPorts InErrors OutDatagrams RcvbufErrors SndbufErrors InCsumErrors IgnoredMulti MemErrors
UdpLite: 0 0 0 0 0 0 0 0 0
before-00
after-00
after-01
before-01
before-02
after-02
after-03
before-03
before-04
after-04
after-05
before-05
Completed: /tmp/s5core-implementation-20260921/netem-50-repeat
qdisc prio 1: root refcnt 2 bands 3 priomap 0 0 0 0 0 0 0 0 0 0 0 0 0 0 0 0
 Sent 2690541210 bytes 2397664 pkt (dropped 432, overlimits 0 requeues 0) 
 backlog 354b 5p requeues 0
qdisc netem 30: parent 1:3 limit 100000 delay 25ms loss 0.1% rate 100Mbit seed 14084257749881196323
 Sent 969900745 bytes 846158 pkt (dropped 432, overlimits 0 requeues 0) 
 backlog 354b 5p requeues 0
Ip: Forwarding DefaultTTL InReceives InHdrErrors InAddrErrors ForwDatagrams InUnknownProtos InDiscards InDelivers OutRequests OutDiscards OutNoRoutes ReasmTimeout ReasmReqds ReasmOKs ReasmFails FragOKs FragFails FragCreates OutTransmits
Ip: 1 64 1283255 0 0 0 0 0 1283255 1283692 0 0 0 0 0 0 0 0 0 1283692
Icmp: InMsgs InErrors InCsumErrors InDestUnreachs InTimeExcds InParmProbs InSrcQuenchs InRedirects InEchos InEchoReps InTimestamps InTimestampReps InAddrMasks InAddrMaskReps OutMsgs OutErrors OutRateLimitGlobal OutRateLimitHost OutDestUnreachs OutTimeExcds OutParmProbs OutSrcQuenchs OutRedirects OutEchos OutEchoReps OutTimestamps OutTimestampReps OutAddrMasks OutAddrMaskReps
Icmp: 0 0 0 0 0 0 0 0 0 0 0 0 0 0 0 0 0 0 0 0 0 0 0 0 0 0 0 0 0
Tcp: RtoAlgorithm RtoMin RtoMax MaxConn ActiveOpens PassiveOpens AttemptFails EstabResets CurrEstab InSegs OutSegs RetransSegs InErrs OutRsts InCsumErrors
Tcp: 1 200 120000 -1 96 72 24 19 0 1283255 2397432 1101 0 61 0
Udp: InDatagrams NoPorts InErrors OutDatagrams RcvbufErrors SndbufErrors InCsumErrors IgnoredMulti MemErrors
Udp: 0 0 0 0 0 0 0 0 0
UdpLite: InDatagrams NoPorts InErrors OutDatagrams RcvbufErrors SndbufErrors InCsumErrors IgnoredMulti MemErrors
UdpLite: 0 0 0 0 0 0 0 0 0
